
> timelapse-colorizer@1.10.0 test
> vitest --run


[7m[1m[36m RUN [39m[22m[27m [36mv0.34.6[39m [90m/home/runner/work/timelapse-colorizer/timelapse-colorizer[39m

 [32m✓[39m tests/CanvasRecorder.test.tsx [2m ([22m[2m4 tests[22m[2m)[22m[90m 244[2mms[22m[39m
[90mstderr[2m | tests/ColorRampDropdown.test.tsx[2m > [22m[2mColorRampDropdown[2m > [22m[2mColor Ramps[2m > [22m[2mcan render with correct label[22m[39m
Warning: Function components cannot be given refs. Attempts to access this ref will fail. Did you mean to use React.forwardRef()?

Check the render method of `Styled(IconButton)`.
    at IconButton (/home/runner/work/timelapse-colorizer/timelapse-colorizer/src/components/Buttons/IconButton.tsx:122:46)
    at I (/home/runner/work/timelapse-colorizer/timelapse-colorizer/node_modules/styled-components/dist/styled-components.cjs.js:1:21998)
    at /home/runner/work/timelapse-colorizer/timelapse-colorizer/node_modules/@rc-component/trigger/lib/TriggerWrapper.js:11:24
    at DomWrapper (/home/runner/work/timelapse-colorizer/timelapse-colorizer/node_modules/rc-resize-observer/lib/SingleObserver/DomWrapper.js:21:34)
    at SingleObserver (/home/runner/work/timelapse-colorizer/timelapse-colorizer/node_modules/rc-resize-observer/lib/SingleObserver/index.js:18:24)
    at ResizeObserver (/home/runner/work/timelapse-colorizer/timelapse-colorizer/node_modules/rc-resize-observer/lib/index.js:24:24)
    at /home/runner/work/timelapse-colorizer/timelapse-colorizer/node_modules/@rc-component/trigger/lib/index.js:41:34
    at Tooltip (/home/runner/work/timelapse-colorizer/timelapse-colorizer/node_modules/rc-tooltip/lib/Tooltip.js:23:32)
    at /home/runner/work/timelapse-colorizer/timelapse-colorizer/node_modules/antd/lib/tooltip/index.js:37:18
    at div
    at I (/home/runner/work/timelapse-colorizer/timelapse-colorizer/node_modules/styled-components/dist/styled-components.cjs.js:1:21998)
    at SelectionDropdown (/home/runner/work/timelapse-colorizer/timelapse-colorizer/src/components/Dropdowns/SelectionDropdown.tsx:73:41)
    at div
    at I (/home/runner/work/timelapse-colorizer/timelapse-colorizer/node_modules/styled-components/dist/styled-components.cjs.js:1:21998)
    at div
    at I (/home/runner/work/timelapse-colorizer/timelapse-colorizer/node_modules/styled-components/dist/styled-components.cjs.js:1:21998)
    at ColorRampSelection (/home/runner/work/timelapse-colorizer/timelapse-colorizer/src/components/Dropdowns/ColorRampDropdown.tsx:145:39)

 [32m✓[39m tests/ColorRampDropdown.test.tsx [2m ([22m[2m2 tests[22m[2m)[22m[90m 259[2mms[22m[39m
[90mstdout[2m | unknown test[22m[39m
Collection metadata:  {}

 [32m✓[39m tests/state/ViewerState/color_ramp_slice.test.ts [2m ([22m[2m25 tests[22m[2m)[22m[90m 149[2mms[22m[39m
 [32m✓[39m tests/Export.test.tsx [2m ([22m[2m2 tests[22m[2m)[22m[33m 1270[2mms[22m[39m
[90mstdout[2m | unknown test[22m[39m
Collection metadata:  {}

[90mstderr[2m | tests/state/ViewerState/time_slice.test.ts[2m > [22m[2museViewerStateStore: TimeSlice[2m > [22m[2msetFrame[2m > [22m[2msets pendingFrame and currentFrame[22m[39m
Warning: The current testing environment is not configured to support act(...)
Warning: The current testing environment is not configured to support act(...)
Warning: The current testing environment is not configured to support act(...)
Warning: The current testing environment is not configured to support act(...)
Warning: The current testing environment is not configured to support act(...)
Warning: The current testing environment is not configured to support act(...)
Warning: The current testing environment is not configured to support act(...)
Warning: The current testing environment is not configured to support act(...)
Warning: The current testing environment is not configured to support act(...)
Warning: The current testing environment is not configured to support act(...)
Warning: The current testing environment is not configured to support act(...)
Warning: The current testing environment is not configured to support act(...)

[90mstderr[2m | tests/state/ViewerState/time_slice.test.ts[2m > [22m[2museViewerStateStore: TimeSlice[2m > [22m[2mtimeControls[2m > [22m[2mcalls loadFrameCallback[22m[39m
Warning: The current testing environment is not configured to support act(...)
Warning: The current testing environment is not configured to support act(...)
Warning: The current testing environment is not configured to support act(...)
Warning: The current testing environment is not configured to support act(...)
Warning: The current testing environment is not configured to support act(...)
Warning: The current testing environment is not configured to support act(...)
Warning: The current testing environment is not configured to support act(...)
Warning: The current testing environment is not configured to support act(...)
Warning: The current testing environment is not configured to support act(...)
Warning: The current testing environment is not configured to support act(...)
Warning: The current testing environment is not configured to support act(...)
Warning: The current testing environment is not configured to support act(...)

[90mstderr[2m | tests/state/ViewerState/time_slice.test.ts[2m > [22m[2museViewerStateStore: TimeSlice[2m > [22m[2mtimeControls[2m > [22m[2msets pendingFrame and currentFrame[22m[39m
Warning: The current testing environment is not configured to support act(...)
Warning: The current testing environment is not configured to support act(...)
Warning: The current testing environment is not configured to support act(...)
Warning: The current testing environment is not configured to support act(...)
Warning: The current testing environment is not configured to support act(...)
Warning: The current testing environment is not configured to support act(...)
Warning: The current testing environment is not configured to support act(...)
Warning: The current testing environment is not configured to support act(...)
Warning: The current testing environment is not configured to support act(...)
Warning: The current testing environment is not configured to support act(...)
Warning: The current testing environment is not configured to support act(...)
Warning: The current testing environment is not configured to support act(...)

[90mstderr[2m | tests/state/ViewerState/time_slice.test.ts[2m > [22m[2museViewerStateStore: TimeSlice[2m > [22m[2mclamps frame when dataset changes[22m[39m
Warning: The current testing environment is not configured to support act(...)
Warning: The current testing environment is not configured to support act(...)
Warning: The current testing environment is not configured to support act(...)
Warning: The current testing environment is not configured to support act(...)
Warning: The current testing environment is not configured to support act(...)
Warning: The current testing environment is not configured to support act(...)
Warning: The current testing environment is not configured to support act(...)
Warning: The current testing environment is not configured to support act(...)
Warning: The current testing environment is not configured to support act(...)
Warning: The current testing environment is not configured to support act(...)
Warning: The current testing environment is not configured to support act(...)
Warning: The current testing environment is not configured to support act(...)

[90mstderr[2m | tests/state/ViewerState/time_slice.test.ts[2m > [22m[2museViewerStateStore: TimeSlice[2m > [22m[2mclamps frame when dataset changes[22m[39m
Warning: The current testing environment is not configured to support act(...)
Warning: The current testing environment is not configured to support act(...)
Warning: The current testing environment is not configured to support act(...)
Warning: The current testing environment is not configured to support act(...)
Warning: The current testing environment is not configured to support act(...)
Warning: The current testing environment is not configured to support act(...)
Warning: The current testing environment is not configured to support act(...)
Warning: The current testing environment is not configured to support act(...)
Warning: The current testing environment is not configured to support act(...)
Warning: The current testing environment is not configured to support act(...)
Warning: The current testing environment is not configured to support act(...)

[90mstderr[2m | tests/state/ViewerState/time_slice.test.ts[2m > [22m[2museViewerStateStore: TimeSlice[2m > [22m[2mresets time to 0 when dataset is cleared[22m[39m
Warning: The current testing environment is not configured to support act(...)
Warning: The current testing environment is not configured to support act(...)
Warning: The current testing environment is not configured to support act(...)
Warning: The current testing environment is not configured to support act(...)
Warning: The current testing environment is not configured to support act(...)
Warning: The current testing environment is not configured to support act(...)
Warning: The current testing environment is not configured to support act(...)
Warning: The current testing environment is not configured to support act(...)
Warning: The current testing environment is not configured to support act(...)
Warning: The current testing environment is not configured to support act(...)
Warning: The current testing environment is not configured to support act(...)
Warning: The current testing environment is not configured to support act(...)

[90mstderr[2m | tests/state/ViewerState/time_slice.test.ts[2m > [22m[2museViewerStateStore: TimeSlice[2m > [22m[2mresets time to 0 when dataset is cleared[22m[39m
Warning: The current testing environment is not configured to support act(...)
Warning: The current testing environment is not configured to support act(...)
Warning: The current testing environment is not configured to support act(...)
Warning: The current testing environment is not configured to support act(...)
Warning: The current testing environment is not configured to support act(...)
Warning: The current testing environment is not configured to support act(...)
Warning: The current testing environment is not configured to support act(...)
Warning: The current testing environment is not configured to support act(...)
Warning: The current testing environment is not configured to support act(...)

[90mstderr[2m | tests/state/ViewerState/time_slice.test.ts[2m > [22m[2museViewerStateStore: TimeSlice[2m > [22m[2mloadTimeSliceFromParams[2m > [22m[2muses track start time if no time is provided[22m[39m
Warning: The current testing environment is not configured to support act(...)
Warning: The current testing environment is not configured to support act(...)
Warning: The current testing environment is not configured to support act(...)
Warning: The current testing environment is not configured to support act(...)
Warning: The current testing environment is not configured to support act(...)
Warning: The current testing environment is not configured to support act(...)
Warning: The current testing environment is not configured to support act(...)
Warning: The current testing environment is not configured to support act(...)
Warning: The current testing environment is not configured to support act(...)
Warning: The current testing environment is not configured to support act(...)
Warning: The current testing environment is not configured to support act(...)
Warning: The current testing environment is not configured to support act(...)

[90mstderr[2m | tests/state/ViewerState/time_slice.test.ts[2m > [22m[2museViewerStateStore: TimeSlice[2m > [22m[2mloadTimeSliceFromParams[2m > [22m[2mclamps max frame number if dataset is provided[22m[39m
Warning: The current testing environment is not configured to support act(...)
Warning: The current testing environment is not configured to support act(...)
Warning: The current testing environment is not configured to support act(...)
Warning: The current testing environment is not configured to support act(...)
Warning: The current testing environment is not configured to support act(...)
Warning: The current testing environment is not configured to support act(...)
Warning: The current testing environment is not configured to support act(...)
Warning: The current testing environment is not configured to support act(...)
Warning: The current testing environment is not configured to support act(...)
Warning: The current testing environment is not configured to support act(...)
Warning: The current testing environment is not configured to support act(...)
Warning: The current testing environment is not configured to support act(...)

 [32m✓[39m tests/state/ViewerState/time_slice.test.ts [2m ([22m[2m15 tests[22m[2m)[22m[90m 127[2mms[22m[39m
[90mstdout[2m | unknown test[22m[39m
Collection metadata:  {}

 [32m✓[39m tests/state/ViewerState/dataset_slice.test.ts [2m ([22m[2m16 tests[22m[2m)[22m[90m 95[2mms[22m[39m
 [32m✓[39m tests/formatting.test.ts [2m ([22m[2m6 tests[22m[2m)[22m[90m 118[2mms[22m[39m
[90mstdout[2m | unknown test[22m[39m
Collection metadata:  {}

 [32m✓[39m tests/state/ViewerState/channel_slice.test.ts [2m ([22m[2m11 tests[22m[2m)[22m[90m 114[2mms[22m[39m
[90mstdout[2m | unknown test[22m[39m
Collection metadata:  {}

 [32m✓[39m tests/state/ViewerState/track_slice.test.ts [2m ([22m[2m17 tests[22m[2m)[22m[90m 89[2mms[22m[39m
[90mstdout[2m | unknown test[22m[39m
Collection metadata:  {}

[90mstdout[2m | unknown test[22m[39m
Collection metadata:  {}

 [32m✓[39m tests/state/store_io.test.ts [2m ([22m[2m6 tests[22m[2m)[22m[90m 64[2mms[22m[39m
 [32m✓[39m tests/state/ViewerState/scatterplot_slice.test.ts [2m ([22m[2m13 tests[22m[2m)[22m[90m 67[2mms[22m[39m
[90mstdout[2m | unknown test[22m[39m
Collection metadata:  {}

[90mstderr[2m | tests/state/ViewerState/threshold_slice.test.ts[2m > [22m[2mThresholdSlice[2m > [22m[2mloadThresholdSliceFromParams[2m > [22m[2mignores bad data[22m[39m
url_utils.deserializeThreshold: Could not parse threshold string: 'bad-threshold'; feature key and/or units missing.

 [32m✓[39m tests/state/ViewerState/threshold_slice.test.ts [2m ([22m[2m10 tests[22m[2m)[22m[90m 42[2mms[22m[39m
 [32m✓[39m tests/scatter_plot_data_utils.test.ts [2m ([22m[2m9 tests[22m[2m)[22m[90m 62[2mms[22m[39m
[90mstdout[2m | unknown test[22m[39m
Collection metadata:  {}

[90mstderr[2m | tests/Dataset.test.ts[2m > [22m[2mDataset[2m > [22m[2mv0.0.0[2m > [22m[2mthrows an error if categorical data is missing categories[22m[39m
Feature 0:  Error: Feature feature1 is categorical but no categories were provided.
    at Dataset.loadFeature [90m(/home/runner/work/timelapse-colorizer/timelapse-colorizer/[39msrc/colorizer/Dataset.ts:233:13[90m)[39m

[90mstderr[2m | tests/Dataset.test.ts[2m > [22m[2mDataset[2m > [22m[2mv0.0.0[2m > [22m[2mthrows an error if the number of categories exceeds the max[22m[39m
Feature 0:  Error: Feature feature1 has too many categories (13 > max 12).
    at Dataset.loadFeature [90m(/home/runner/work/timelapse-colorizer/timelapse-colorizer/[39msrc/colorizer/Dataset.ts:236:13[90m)[39m

[90mstderr[2m | tests/Dataset.test.ts[2m > [22m[2mDataset[2m > [22m[2mv1.0.0[2m > [22m[2mthrows an error if categorical data is missing categories[22m[39m
Feature 0:  Error: Feature feature1 is categorical but no categories were provided.
    at Dataset.loadFeature [90m(/home/runner/work/timelapse-colorizer/timelapse-colorizer/[39msrc/colorizer/Dataset.ts:233:13[90m)[39m

[90mstderr[2m | tests/Dataset.test.ts[2m > [22m[2mDataset[2m > [22m[2mv1.0.0[2m > [22m[2mthrows an error if the number of categories exceeds the max[22m[39m
Feature 0:  Error: Feature feature1 has too many categories (13 > max 12).
    at Dataset.loadFeature [90m(/home/runner/work/timelapse-colorizer/timelapse-colorizer/[39msrc/colorizer/Dataset.ts:236:13[90m)[39m

[90mstderr[2m | tests/Dataset.test.ts[2m > [22m[2mDataset[2m > [22m[2mv1.1.0[2m > [22m[2mthrows an error if categorical data is missing categories[22m[39m
Feature 0:  Error: Feature feature1 is categorical but no categories were provided.
    at Dataset.loadFeature [90m(/home/runner/work/timelapse-colorizer/timelapse-colorizer/[39msrc/colorizer/Dataset.ts:233:13[90m)[39m

[90mstderr[2m | tests/Dataset.test.ts[2m > [22m[2mDataset[2m > [22m[2mv1.1.0[2m > [22m[2mthrows an error if the number of categories exceeds the max[22m[39m
Feature 0:  Error: Feature feature1 has too many categories (13 > max 12).
    at Dataset.loadFeature [90m(/home/runner/work/timelapse-colorizer/timelapse-colorizer/[39msrc/colorizer/Dataset.ts:236:13[90m)[39m

 [32m✓[39m tests/Dataset.test.ts [2m ([22m[2m38 tests[22m[2m)[22m[90m 58[2mms[22m[39m
 [32m✓[39m tests/SpinBox.test.tsx [2m ([22m[2m3 tests[22m[2m)[22m[90m 49[2mms[22m[39m
[90mstdout[2m | unknown test[22m[39m
Collection metadata:  {}

 [32m✓[39m tests/state/ViewerState/backdrop_slice.test.ts [2m ([22m[2m8 tests[22m[2m)[22m[90m 46[2mms[22m[39m
 [32m✓[39m tests/state/ViewerState/config_slice.test.ts [2m ([22m[2m6 tests[22m[2m)[22m[90m 48[2mms[22m[39m
 [32m✓[39m tests/gh_routing.test.ts [2m ([22m[2m13 tests[22m[2m)[22m[90m 34[2mms[22m[39m
 [32m✓[39m tests/state/ViewerState/vector_slice.test.ts [2m ([22m[2m11 tests[22m[2m)[22m[90m 51[2mms[22m[39m
[90mstdout[2m | unknown test[22m[39m
Collection metadata:  {}
Collection metadata:  {}

[90mstdout[2m | tests/Collection.test.ts[2m > [22m[2mCollection[2m > [22m[2mconstructor[2m > [22m[2mthrows an error if non-JSON paths are provided.[22m[39m
Collection metadata:  {}

[90mstdout[2m | tests/Collection.test.ts[2m > [22m[2mCollection[2m > [22m[2mconstructor[2m > [22m[2mthrows an error if non-URL paths are provided.[22m[39m
Collection metadata:  {}

[90mstdout[2m | tests/Collection.test.ts[2m > [22m[2mCollection[2m > [22m[2mgetDefaultDataset[2m > [22m[2mthrows an error for empty collections[22m[39m
Collection metadata:  {}

[90mstdout[2m | tests/Collection.test.ts[2m > [22m[2mCollection[2m > [22m[2mloadCollection[2m > [22m[2mv0.0.0[2m > [22m[2mcollects datasets[22m[39m
Collection metadata:  {}

[90mstdout[2m | tests/Collection.test.ts[2m > [22m[2mCollection[2m > [22m[2mloadCollection[2m > [22m[2mv0.0.0[2m > [22m[2mshould parse dataset paths correctly[22m[39m
Collection metadata:  {}

[90mstdout[2m | tests/Collection.test.ts[2m > [22m[2mCollection[2m > [22m[2mloadCollection[2m > [22m[2mv0.0.0[2m > [22m[2mretrieves metadata[22m[39m
Collection metadata:  {}

[90mstdout[2m | tests/Collection.test.ts[2m > [22m[2mCollection[2m > [22m[2mloadCollection[2m > [22m[2mv1.1.0[2m > [22m[2mcollects datasets[22m[39m
Collection metadata:  {
  name: [32m'c_name'[39m,
  description: [32m'c_description'[39m,
  author: [32m'c_author'[39m,
  collectionVersion: [32m'c_collectionVersion'[39m,
  lastModified: [32m'2024-01-01T00:00:00Z'[39m,
  dateCreated: [32m'2023-01-01T00:00:00Z'[39m,
  revision: [33m15[39m,
  writerVersion: [32m'v1.1.0'[39m
}

[90mstdout[2m | tests/Collection.test.ts[2m > [22m[2mCollection[2m > [22m[2mloadCollection[2m > [22m[2mv1.1.0[2m > [22m[2mshould parse dataset paths correctly[22m[39m
Collection metadata:  {
  name: [32m'c_name'[39m,
  description: [32m'c_description'[39m,
  author: [32m'c_author'[39m,
  collectionVersion: [32m'c_collectionVersion'[39m,
  lastModified: [32m'2024-01-01T00:00:00Z'[39m,
  dateCreated: [32m'2023-01-01T00:00:00Z'[39m,
  revision: [33m15[39m,
  writerVersion: [32m'v1.1.0'[39m
}

[90mstdout[2m | tests/Collection.test.ts[2m > [22m[2mCollection[2m > [22m[2mloadCollection[2m > [22m[2mv1.1.0[2m > [22m[2mretrieves metadata[22m[39m
Collection metadata:  {
  name: [32m'c_name'[39m,
  description: [32m'c_description'[39m,
  author: [32m'c_author'[39m,
  collectionVersion: [32m'c_collectionVersion'[39m,
  lastModified: [32m'2024-01-01T00:00:00Z'[39m,
  dateCreated: [32m'2023-01-01T00:00:00Z'[39m,
  revision: [33m15[39m,
  writerVersion: [32m'v1.1.0'[39m
}

[90mstdout[2m | tests/Collection.test.ts[2m > [22m[2mCollection[2m > [22m[2mloadCollection[2m > [22m[2mreturns an empty metadata object for v0.0.0[22m[39m
Collection metadata:  {}

[90mstdout[2m | tests/Collection.test.ts[2m > [22m[2mCollection[2m > [22m[2mloadCollection[2m > [22m[2mshould substitute default collection filename if URL is not a JSON[22m[39m
Collection metadata:  {}

[90mstdout[2m | tests/Collection.test.ts[2m > [22m[2mCollection[2m > [22m[2mmakeCollectionFromSingleDataset[2m > [22m[2mmakes a collection with indirect dataset paths[22m[39m
Collection metadata:  {}

[90mstdout[2m | tests/Collection.test.ts[2m > [22m[2mCollection[2m > [22m[2mmakeCollectionFromSingleDataset[2m > [22m[2mmakes a collection with absolute dataset paths[22m[39m
Collection metadata:  {}

[90mstdout[2m | tests/Collection.test.ts[2m > [22m[2mCollection[2m > [22m[2mmakeCollectionFromSingleDataset[2m > [22m[2msets the URL to null[22m[39m
Collection metadata:  {}

[90mstdout[2m | tests/Collection.test.ts[2m > [22m[2mCollection[2m > [22m[2mloadFromAmbiguousFile[2m > [22m[2mcan load a collection from a file map[22m[39m
Collection metadata:  {}

[90mstdout[2m | tests/Collection.test.ts[2m > [22m[2mCollection[2m > [22m[2mloadFromAmbiguousFile[2m > [22m[2mcan load a single dataset from a file map[22m[39m
Resource could not be parsed as a collection; attempting to make a single-dataset collection.
Collection metadata:  {}
Fetching dataset from path 'manifest.json'

[90mstderr[2m | tests/Collection.test.ts[2m > [22m[2mCollection[2m > [22m[2mloadFromAmbiguousFile[2m > [22m[2mcan load a single dataset from a file map[22m[39m
Error: No 'collection.json' was found. A 'collection.json' should exist in the base directory.
    at Function.loadCollection [90m(/home/runner/work/timelapse-colorizer/timelapse-colorizer/[39msrc/colorizer/Collection.ts:391:15[90m)[39m
    at Function.loadFromAmbiguousResource [90m(/home/runner/work/timelapse-colorizer/timelapse-colorizer/[39msrc/colorizer/Collection.ts:538:33[90m)[39m
    at Function.loadFromAmbiguousFile [90m(/home/runner/work/timelapse-colorizer/timelapse-colorizer/[39msrc/colorizer/Collection.ts:634:37[90m)[39m
    at [90m/home/runner/work/timelapse-colorizer/timelapse-colorizer/[39mtests/Collection.test.ts:264:43
    at [90mfile:///home/runner/work/timelapse-colorizer/timelapse-colorizer/[39mnode_modules/[4m@vitest/runner[24m/dist/index.js:135:14
    at [90mfile:///home/runner/work/timelapse-colorizer/timelapse-colorizer/[39mnode_modules/[4m@vitest/runner[24m/dist/index.js:58:26
    at runTest [90m(file:///home/runner/work/timelapse-colorizer/timelapse-colorizer/[39mnode_modules/[4m@vitest/runner[24m/dist/index.js:663:17[90m)[39m
    at runSuite [90m(file:///home/runner/work/timelapse-colorizer/timelapse-colorizer/[39mnode_modules/[4m@vitest/runner[24m/dist/index.js:782:15[90m)[39m
    at runSuite [90m(file:///home/runner/work/timelapse-colorizer/timelapse-colorizer/[39mnode_modules/[4m@vitest/runner[24m/dist/index.js:782:15[90m)[39m
    at runSuite [90m(file:///home/runner/work/timelapse-colorizer/timelapse-colorizer/[39mnode_modules/[4m@vitest/runner[24m/dist/index.js:782:15[90m)[39m

[90mstderr[2m | tests/Collection.test.ts[2m > [22m[2mCollection[2m > [22m[2mloadFromAmbiguousFile[2m > [22m[2mcan load a single dataset from a file map[22m[39m
Tracks data could not be loaded: Error: Failed to resolve path: 'tracks.json'
Segmentation IDs data could not be loaded: Error: Failed to resolve path: 'seg_ids.json'
Feature 1:  Error: Failed to resolve URL for feature Feature2: 'feature2.json'
    at Dataset.loadFeature [90m(/home/runner/work/timelapse-colorizer/timelapse-colorizer/[39msrc/colorizer/Dataset.ts:219:13[90m)[39m
    at [90m/home/runner/work/timelapse-colorizer/timelapse-colorizer/[39msrc/colorizer/Dataset.ts:635:31
    at Array.map (<anonymous>)
    at Dataset.open [90m(/home/runner/work/timelapse-colorizer/timelapse-colorizer/[39msrc/colorizer/Dataset.ts:634:94[90m)[39m
    at Collection.tryLoadDataset [90m(/home/runner/work/timelapse-colorizer/timelapse-colorizer/[39msrc/colorizer/Collection.ts:241:7[90m)[39m
    at Function.loadFromAmbiguousResource [90m(/home/runner/work/timelapse-colorizer/timelapse-colorizer/[39msrc/colorizer/Collection.ts:550:28[90m)[39m
    at Function.loadFromAmbiguousFile [90m(/home/runner/work/timelapse-colorizer/timelapse-colorizer/[39msrc/colorizer/Collection.ts:634:20[90m)[39m
    at [90m/home/runner/work/timelapse-colorizer/timelapse-colorizer/[39mtests/Collection.test.ts:264:26
    at runTest [90m(file:///home/runner/work/timelapse-colorizer/timelapse-colorizer/[39mnode_modules/[4m@vitest/runner[24m/dist/index.js:663:11[90m)[39m
    at runSuite [90m(file:///home/runner/work/timelapse-colorizer/timelapse-colorizer/[39mnode_modules/[4m@vitest/runner[24m/dist/index.js:782:15[90m)[39m
Feature 2:  Error: Failed to resolve URL for feature feature3: 'feature3.json'
    at Dataset.loadFeature [90m(/home/runner/work/timelapse-colorizer/timelapse-colorizer/[39msrc/colorizer/Dataset.ts:219:13[90m)[39m
    at [90m/home/runner/work/timelapse-colorizer/timelapse-colorizer/[39msrc/colorizer/Dataset.ts:635:31
    at Array.map (<anonymous>)
    at Dataset.open [90m(/home/runner/work/timelapse-colorizer/timelapse-colorizer/[39msrc/colorizer/Dataset.ts:634:94[90m)[39m
    at Collection.tryLoadDataset [90m(/home/runner/work/timelapse-colorizer/timelapse-colorizer/[39msrc/colorizer/Collection.ts:241:7[90m)[39m
    at Function.loadFromAmbiguousResource [90m(/home/runner/work/timelapse-colorizer/timelapse-colorizer/[39msrc/colorizer/Collection.ts:550:28[90m)[39m
    at Function.loadFromAmbiguousFile [90m(/home/runner/work/timelapse-colorizer/timelapse-colorizer/[39msrc/colorizer/Collection.ts:634:20[90m)[39m
    at [90m/home/runner/work/timelapse-colorizer/timelapse-colorizer/[39mtests/Collection.test.ts:264:26
    at runTest [90m(file:///home/runner/work/timelapse-colorizer/timelapse-colorizer/[39mnode_modules/[4m@vitest/runner[24m/dist/index.js:663:11[90m)[39m
    at runSuite [90m(file:///home/runner/work/timelapse-colorizer/timelapse-colorizer/[39mnode_modules/[4m@vitest/runner[24m/dist/index.js:782:15[90m)[39m
Feature 3:  Error: Failed to resolve URL for feature Feature$&%20^4: 'feature4.json'
    at Dataset.loadFeature [90m(/home/runner/work/timelapse-colorizer/timelapse-colorizer/[39msrc/colorizer/Dataset.ts:219:13[90m)[39m
    at [90m/home/runner/work/timelapse-colorizer/timelapse-colorizer/[39msrc/colorizer/Dataset.ts:635:31
    at Array.map (<anonymous>)
    at Dataset.open [90m(/home/runner/work/timelapse-colorizer/timelapse-colorizer/[39msrc/colorizer/Dataset.ts:634:94[90m)[39m
    at Collection.tryLoadDataset [90m(/home/runner/work/timelapse-colorizer/timelapse-colorizer/[39msrc/colorizer/Collection.ts:241:7[90m)[39m
    at Function.loadFromAmbiguousResource [90m(/home/runner/work/timelapse-colorizer/timelapse-colorizer/[39msrc/colorizer/Collection.ts:550:28[90m)[39m
    at Function.loadFromAmbiguousFile [90m(/home/runner/work/timelapse-colorizer/timelapse-colorizer/[39msrc/colorizer/Collection.ts:634:20[90m)[39m
    at [90m/home/runner/work/timelapse-colorizer/timelapse-colorizer/[39mtests/Collection.test.ts:264:26
    at runTest [90m(file:///home/runner/work/timelapse-colorizer/timelapse-colorizer/[39mnode_modules/[4m@vitest/runner[24m/dist/index.js:663:11[90m)[39m
    at runSuite [90m(file:///home/runner/work/timelapse-colorizer/timelapse-colorizer/[39mnode_modules/[4m@vitest/runner[24m/dist/index.js:782:15[90m)[39m

[90mstdout[2m | tests/Collection.test.ts[2m > [22m[2mCollection[2m > [22m[2mloadFromAmbiguousFile[2m > [22m[2mcan load a single dataset from a file map[22m[39m
loadDataset: 7.462ms

[90mstdout[2m | tests/Collection.test.ts[2m > [22m[2mCollection[2m > [22m[2mloadFromAmbiguousFile[2m > [22m[2mthrows an error if no manifest files exist[22m[39m
Resource could not be parsed as a collection; attempting to make a single-dataset collection.
Collection metadata:  {}
Fetching dataset from path 'manifest.json'
loadDataset: 0.094ms

[90mstderr[2m | tests/Collection.test.ts[2m > [22m[2mCollection[2m > [22m[2mloadFromAmbiguousFile[2m > [22m[2mthrows an error if no manifest files exist[22m[39m
Error: No 'collection.json' was found. A 'collection.json' should exist in the base directory.
    at Function.loadCollection [90m(/home/runner/work/timelapse-colorizer/timelapse-colorizer/[39msrc/colorizer/Collection.ts:391:15[90m)[39m
    at Function.loadFromAmbiguousResource [90m(/home/runner/work/timelapse-colorizer/timelapse-colorizer/[39msrc/colorizer/Collection.ts:538:33[90m)[39m
    at Function.loadFromAmbiguousFile [90m(/home/runner/work/timelapse-colorizer/timelapse-colorizer/[39msrc/colorizer/Collection.ts:634:37[90m)[39m
    at [90m/home/runner/work/timelapse-colorizer/timelapse-colorizer/[39mtests/Collection.test.ts:277:31
    at [90mfile:///home/runner/work/timelapse-colorizer/timelapse-colorizer/[39mnode_modules/[4m@vitest/runner[24m/dist/index.js:135:14
    at [90mfile:///home/runner/work/timelapse-colorizer/timelapse-colorizer/[39mnode_modules/[4m@vitest/runner[24m/dist/index.js:58:26
    at runTest [90m(file:///home/runner/work/timelapse-colorizer/timelapse-colorizer/[39mnode_modules/[4m@vitest/runner[24m/dist/index.js:663:17[90m)[39m
    at runSuite [90m(file:///home/runner/work/timelapse-colorizer/timelapse-colorizer/[39mnode_modules/[4m@vitest/runner[24m/dist/index.js:782:15[90m)[39m
    at runSuite [90m(file:///home/runner/work/timelapse-colorizer/timelapse-colorizer/[39mnode_modules/[4m@vitest/runner[24m/dist/index.js:782:15[90m)[39m
    at runSuite [90m(file:///home/runner/work/timelapse-colorizer/timelapse-colorizer/[39mnode_modules/[4m@vitest/runner[24m/dist/index.js:782:15[90m)[39m
Error: No 'manifest.json' was found. A 'manifest.json' should exist in the base directory.
    at Dataset.open [90m(/home/runner/work/timelapse-colorizer/timelapse-colorizer/[39msrc/colorizer/Dataset.ts:591:13[90m)[39m
    at Collection.tryLoadDataset [90m(/home/runner/work/timelapse-colorizer/timelapse-colorizer/[39msrc/colorizer/Collection.ts:241:21[90m)[39m
    at Function.loadFromAmbiguousResource [90m(/home/runner/work/timelapse-colorizer/timelapse-colorizer/[39msrc/colorizer/Collection.ts:550:45[90m)[39m
    at Function.loadFromAmbiguousFile [90m(/home/runner/work/timelapse-colorizer/timelapse-colorizer/[39msrc/colorizer/Collection.ts:634:20[90m)[39m

[90mstdout[2m | tests/Collection.test.ts[2m > [22m[2mCollection[2m > [22m[2mloadFromAmbiguousFile[2m > [22m[2mthrows an error if Collection manifest is malformed[22m[39m
Resource could not be parsed as a collection; attempting to make a single-dataset collection.
Collection metadata:  {}
Fetching dataset from path 'manifest.json'
loadDataset: 0.083ms

[90mstderr[2m | tests/Collection.test.ts[2m > [22m[2mCollection[2m > [22m[2mloadFromAmbiguousFile[2m > [22m[2mthrows an error if Collection manifest is malformed[22m[39m
Error: Parsing failed for the collections JSON file with the following error. Please check that the JSON syntax is correct: Error: Collection 'datasets' field is not an array.
    at Function.loadCollection [90m(/home/runner/work/timelapse-colorizer/timelapse-colorizer/[39msrc/colorizer/Collection.ts:416:13[90m)[39m
    at Function.loadFromAmbiguousResource [90m(/home/runner/work/timelapse-colorizer/timelapse-colorizer/[39msrc/colorizer/Collection.ts:538:16[90m)[39m
    at Function.loadFromAmbiguousFile [90m(/home/runner/work/timelapse-colorizer/timelapse-colorizer/[39msrc/colorizer/Collection.ts:634:20[90m)[39m
    at [90m/home/runner/work/timelapse-colorizer/timelapse-colorizer/[39mtests/Collection.test.ts:287:7
    at runTest [90m(file:///home/runner/work/timelapse-colorizer/timelapse-colorizer/[39mnode_modules/[4m@vitest/runner[24m/dist/index.js:663:11[90m)[39m
    at runSuite [90m(file:///home/runner/work/timelapse-colorizer/timelapse-colorizer/[39mnode_modules/[4m@vitest/runner[24m/dist/index.js:782:15[90m)[39m
    at runSuite [90m(file:///home/runner/work/timelapse-colorizer/timelapse-colorizer/[39mnode_modules/[4m@vitest/runner[24m/dist/index.js:782:15[90m)[39m
    at runSuite [90m(file:///home/runner/work/timelapse-colorizer/timelapse-colorizer/[39mnode_modules/[4m@vitest/runner[24m/dist/index.js:782:15[90m)[39m
    at runFiles [90m(file:///home/runner/work/timelapse-colorizer/timelapse-colorizer/[39mnode_modules/[4m@vitest/runner[24m/dist/index.js:834:5[90m)[39m
    at startTests [90m(file:///home/runner/work/timelapse-colorizer/timelapse-colorizer/[39mnode_modules/[4m@vitest/runner[24m/dist/index.js:843:3[90m)[39m
Error: No 'manifest.json' was found. A 'manifest.json' should exist in the base directory.
    at Dataset.open [90m(/home/runner/work/timelapse-colorizer/timelapse-colorizer/[39msrc/colorizer/Dataset.ts:591:13[90m)[39m
    at Collection.tryLoadDataset [90m(/home/runner/work/timelapse-colorizer/timelapse-colorizer/[39msrc/colorizer/Collection.ts:241:21[90m)[39m
    at Function.loadFromAmbiguousResource [90m(/home/runner/work/timelapse-colorizer/timelapse-colorizer/[39msrc/colorizer/Collection.ts:550:45[90m)[39m
    at Function.loadFromAmbiguousFile [90m(/home/runner/work/timelapse-colorizer/timelapse-colorizer/[39msrc/colorizer/Collection.ts:634:20[90m)[39m
    at [90m/home/runner/work/timelapse-colorizer/timelapse-colorizer/[39mtests/Collection.test.ts:287:7
    at runTest [90m(file:///home/runner/work/timelapse-colorizer/timelapse-colorizer/[39mnode_modules/[4m@vitest/runner[24m/dist/index.js:663:11[90m)[39m
    at runSuite [90m(file:///home/runner/work/timelapse-colorizer/timelapse-colorizer/[39mnode_modules/[4m@vitest/runner[24m/dist/index.js:782:15[90m)[39m
    at runSuite [90m(file:///home/runner/work/timelapse-colorizer/timelapse-colorizer/[39mnode_modules/[4m@vitest/runner[24m/dist/index.js:782:15[90m)[39m
    at runSuite [90m(file:///home/runner/work/timelapse-colorizer/timelapse-colorizer/[39mnode_modules/[4m@vitest/runner[24m/dist/index.js:782:15[90m)[39m
    at runFiles [90m(file:///home/runner/work/timelapse-colorizer/timelapse-colorizer/[39mnode_modules/[4m@vitest/runner[24m/dist/index.js:834:5[90m)[39m
ZIP file could not be loaded as a collection or dataset.

[90mstdout[2m | tests/Collection.test.ts[2m > [22m[2mCollection[2m > [22m[2mloadFromAmbiguousFile[2m > [22m[2mthrows an error if dataset manifest is malformed[22m[39m
Resource could not be parsed as a collection; attempting to make a single-dataset collection.
Collection metadata:  {}
Fetching dataset from path 'manifest.json'
loadDataset: 0.848ms

[90mstderr[2m | tests/Collection.test.ts[2m > [22m[2mCollection[2m > [22m[2mloadFromAmbiguousFile[2m > [22m[2mthrows an error if dataset manifest is malformed[22m[39m
Error: No 'collection.json' was found. A 'collection.json' should exist in the base directory.
    at Function.loadCollection [90m(/home/runner/work/timelapse-colorizer/timelapse-colorizer/[39msrc/colorizer/Collection.ts:391:15[90m)[39m
    at Function.loadFromAmbiguousResource [90m(/home/runner/work/timelapse-colorizer/timelapse-colorizer/[39msrc/colorizer/Collection.ts:538:33[90m)[39m
    at Function.loadFromAmbiguousFile [90m(/home/runner/work/timelapse-colorizer/timelapse-colorizer/[39msrc/colorizer/Collection.ts:634:37[90m)[39m
    at [90m/home/runner/work/timelapse-colorizer/timelapse-colorizer/[39mtests/Collection.test.ts:298:31
    at [90mfile:///home/runner/work/timelapse-colorizer/timelapse-colorizer/[39mnode_modules/[4m@vitest/runner[24m/dist/index.js:135:14
    at [90mfile:///home/runner/work/timelapse-colorizer/timelapse-colorizer/[39mnode_modules/[4m@vitest/runner[24m/dist/index.js:58:26
    at runTest [90m(file:///home/runner/work/timelapse-colorizer/timelapse-colorizer/[39mnode_modules/[4m@vitest/runner[24m/dist/index.js:663:17[90m)[39m
    at runSuite [90m(file:///home/runner/work/timelapse-colorizer/timelapse-colorizer/[39mnode_modules/[4m@vitest/runner[24m/dist/index.js:782:15[90m)[39m
    at runSuite [90m(file:///home/runner/work/timelapse-colorizer/timelapse-colorizer/[39mnode_modules/[4m@vitest/runner[24m/dist/index.js:782:15[90m)[39m
    at runSuite [90m(file:///home/runner/work/timelapse-colorizer/timelapse-colorizer/[39mnode_modules/[4m@vitest/runner[24m/dist/index.js:782:15[90m)[39m
Error: Manifest JSON is missing the required 'features' field.
    at Module.updateManifestVersion [90m(/home/runner/work/timelapse-colorizer/timelapse-colorizer/[39msrc/colorizer/utils/dataset_utils.ts:141:11[90m)[39m
    at Dataset.open [90m(/home/runner/work/timelapse-colorizer/timelapse-colorizer/[39msrc/colorizer/Dataset.ts:593:22[90m)[39m
    at Collection.tryLoadDataset [90m(/home/runner/work/timelapse-colorizer/timelapse-colorizer/[39msrc/colorizer/Collection.ts:241:7[90m)[39m
    at Function.loadFromAmbiguousResource [90m(/home/runner/work/timelapse-colorizer/timelapse-colorizer/[39msrc/colorizer/Collection.ts:550:28[90m)[39m
    at Function.loadFromAmbiguousFile [90m(/home/runner/work/timelapse-colorizer/timelapse-colorizer/[39msrc/colorizer/Collection.ts:634:20[90m)[39m
    at [90m/home/runner/work/timelapse-colorizer/timelapse-colorizer/[39mtests/Collection.test.ts:298:7
    at runTest [90m(file:///home/runner/work/timelapse-colorizer/timelapse-colorizer/[39mnode_modules/[4m@vitest/runner[24m/dist/index.js:663:11[90m)[39m
    at runSuite [90m(file:///home/runner/work/timelapse-colorizer/timelapse-colorizer/[39mnode_modules/[4m@vitest/runner[24m/dist/index.js:782:15[90m)[39m
    at runSuite [90m(file:///home/runner/work/timelapse-colorizer/timelapse-colorizer/[39mnode_modules/[4m@vitest/runner[24m/dist/index.js:782:15[90m)[39m
    at runSuite [90m(file:///home/runner/work/timelapse-colorizer/timelapse-colorizer/[39mnode_modules/[4m@vitest/runner[24m/dist/index.js:782:15[90m)[39m
ZIP file could not be loaded as a collection or dataset.

 [32m✓[39m tests/Collection.test.ts [2m ([22m[2m22 tests[22m[2m)[22m[90m 54[2mms[22m[39m
 [32m✓[39m tests/correlation.test.ts [2m ([22m[2m11 tests[22m[2m)[22m[90m 31[2mms[22m[39m
[90mstdout[2m | unknown test[22m[39m
Collection metadata:  {}

 [32m✓[39m tests/colorizer/AnnotationData.test.ts [2m ([22m[2m28 tests[22m[2m)[22m[90m 20[2mms[22m[39m
 [32m✓[39m tests/data_load_utils.test.ts [2m ([22m[2m5 tests[22m[2m)[22m[90m 29[2mms[22m[39m
 [32m✓[39m tests/data_utils.test.ts [2m ([22m[2m16 tests[22m[2m)[22m[90m 49[2mms[22m[39m
 [32m✓[39m tests/math_utils.test.ts [2m ([22m[2m28 tests[22m[2m)[22m[90m 13[2mms[22m[39m
 [32m✓[39m tests/colors.test.ts [2m ([22m[2m9 tests[22m[2m)[22m[90m 13[2mms[22m[39m
 [32m✓[39m tests/url_utils.test.ts [2m ([22m[2m22 tests[22m[2m)[22m[90m 19[2mms[22m[39m
 [32m✓[39m tests/DataCache.test.ts [2m ([22m[2m16 tests[22m[2m)[22m[90m 11[2mms[22m[39m
 [32m✓[39m tests/colorizer/FilePathResolver.test.ts [2m ([22m[2m6 tests[22m[2m)[22m[90m 6[2mms[22m[39m
[90mstdout[2m | unknown test[22m[39m
Collection metadata:  {}

[90mstdout[2m | tests/dataset_load_utils.test.ts[2m > [22m[2mloadInitialCollectionAndDataset[2m > [22m[2maccepts collection override[22m[39m
Fetching dataset from path 'https://some-url.com/data/dataset.json'
loadDataset: 0.753ms

[90mstdout[2m | tests/dataset_load_utils.test.ts[2m > [22m[2mloadInitialCollectionAndDataset[2m > [22m[2mloads collection and dataset[22m[39m
Collection metadata:  {}
Fetching dataset from path 'https://some-url.com/data/dataset.json'
loadDataset: 0.252ms

 [32m✓[39m tests/dataset_load_utils.test.ts [2m ([22m[2m4 tests[22m[2m)[22m[90m 7[2mms[22m[39m

[2m Test Files [22m [1m[32m30 passed[39m[22m[90m (30)[39m
[2m      Tests [22m [1m[32m382 passed[39m[22m[90m (382)[39m
[2m   Start at [22m 18:27:39
[2m   Duration [22m 44.94s[2m (transform 3.11s, setup 30.07s, collect 71.14s, tests 3.24s, environment 11.72s, prepare 3.28s)[22m

